exports[`should render JSONNode 1`] = `"{\"__ava_react_jsx\":{\"type\":\"li\",\"props\":{\"style\":{\"paddingTop\":\"0.25em\",\"paddingRight\":0,\"marginLeft\":\"0.875em\",\"WebkitUserSelect\":\"text\",\"MozUserSelect\":\"text\",\"wordWrap\":\"break-word\",\"paddingLeft\":\"1.25em\",\"textIndent\":\"-0.5em\",\"wordBreak\":\"break-all\",\"whiteSpace\":\"pre-wrap\"}},\"children\":[{\"type\":\"label\",\"props\":{\"style\":{\"display\":\"inline-block\",\"color\":\"#2287cd\",\"margin\":\"0 0.5em 0 0\"}},\"children\":null},{\"type\":\"span\",\"props\":{\"style\":{\"color\":\"#f94f4c\"}},\"children\":null}]}}"`;
